Component: ARM Compiler 5.06 update 1 (build 61) Tool: armlink [4d35a8]

==============================================================================

Section Cross References

    buttons.o(i.ButtonsInit) refers to buttons.o(.data) for .data
    buttons.o(i.ButtonsPoll) refers to buttons.o(.data) for .data
    freertos_demo.o(i.ConfigureUART) refers to uart.o(i.UARTClockSourceSet) for UARTClockSourceSet
    freertos_demo.o(i.ConfigureUART) refers to uartstdio.o(i.UARTStdioConfig) for UARTStdioConfig
    freertos_demo.o(i.main) refers to freertos_demo.o(i.ConfigureUART) for ConfigureUART
    freertos_demo.o(i.main) refers to uartstdio.o(i.UARTprintf) for UARTprintf
    freertos_demo.o(i.main) refers to queue.o(i.xQueueCreateMutex) for xQueueCreateMutex
    freertos_demo.o(i.main) refers to led_task.o(i.LEDTaskInit) for LEDTaskInit
    freertos_demo.o(i.main) refers to switch_task.o(i.SwitchTaskInit) for SwitchTaskInit
    freertos_demo.o(i.main) refers to tasks.o(i.vTaskStartScheduler) for vTaskStartScheduler
    freertos_demo.o(i.main) refers to freertos_demo.o(.data) for .data
    led_task.o(i.LEDTask) refers to tasks.o(i.xTaskGetTickCount) for xTaskGetTickCount
    led_task.o(i.LEDTask) refers to queue.o(i.xQueueGenericReceive) for xQueueGenericReceive
    led_task.o(i.LEDTask) refers to rgb.o(i.RGBColorSet) for RGBColorSet
    led_task.o(i.LEDTask) refers to uartstdio.o(i.UARTprintf) for UARTprintf
    led_task.o(i.LEDTask) refers to queue.o(i.xQueueGenericSend) for xQueueGenericSend
    led_task.o(i.LEDTask) refers to rgb.o(i.RGBEnable) for RGBEnable
    led_task.o(i.LEDTask) refers to tasks.o(i.vTaskDelayUntil) for vTaskDelayUntil
    led_task.o(i.LEDTask) refers to rgb.o(i.RGBDisable) for RGBDisable
    led_task.o(i.LEDTask) refers to led_task.o(.data) for .data
    led_task.o(i.LEDTask) refers to led_task.o(.bss) for .bss
    led_task.o(i.LEDTask) refers to freertos_demo.o(.data) for g_pUARTSemaphore
    led_task.o(i.LEDTaskInit) refers to rgb.o(i.RGBInit) for RGBInit
    led_task.o(i.LEDTaskInit) refers to rgb.o(i.RGBIntensitySet) for RGBIntensitySet
    led_task.o(i.LEDTaskInit) refers to rgb.o(i.RGBColorSet) for RGBColorSet
    led_task.o(i.LEDTaskInit) refers to uartstdio.o(i.UARTprintf) for UARTprintf
    led_task.o(i.LEDTaskInit) refers to queue.o(i.xQueueGenericCreate) for xQueueGenericCreate
    led_task.o(i.LEDTaskInit) refers to tasks.o(i.xTaskGenericCreate) for xTaskGenericCreate
    led_task.o(i.LEDTaskInit) refers to led_task.o(.data) for .data
    led_task.o(i.LEDTaskInit) refers to led_task.o(.bss) for .bss
    led_task.o(i.LEDTaskInit) refers to led_task.o(i.LEDTask) for LEDTask
    port.o(.emb_text) refers to tasks.o(i.vTaskSwitchContext) for vTaskSwitchContext
    port.o(.emb_text) refers to tasks.o(.data) for pxCurrentTCB
    port.o(i.prvTaskExitError) refers to port.o(.emb_text) for ulPortSetInterruptMask
    port.o(i.pxPortInitialiseStack) refers to port.o(i.prvTaskExitError) for prvTaskExitError
    port.o(i.vPortEnterCritical) refers to port.o(.emb_text) for ulPortSetInterruptMask
    port.o(i.vPortEnterCritical) refers to port.o(.data) for .data
    port.o(i.vPortExitCritical) refers to port.o(.emb_text) for vPortClearInterruptMask
    port.o(i.vPortExitCritical) refers to port.o(.data) for .data
    port.o(i.xPortStartScheduler) refers to port.o(i.vPortSetupTimerInterrupt) for vPortSetupTimerInterrupt
    port.o(i.xPortStartScheduler) refers to port.o(.emb_text) for __asm___6_port_c_39a90d8d__prvEnableVFP
    port.o(i.xPortStartScheduler) refers to port.o(.data) for .data
    port.o(i.xPortSysTickHandler) refers to port.o(.emb_text) for ulPortSetInterruptMask
    port.o(i.xPortSysTickHandler) refers to tasks.o(i.xTaskIncrementTick) for xTaskIncrementTick
    queue.o(i.prvCopyDataFromQueue) refers to memcpya.o(.text) for __aeabi_memcpy
    queue.o(i.prvCopyDataToQueue) refers to memcpya.o(.text) for __aeabi_memcpy
    queue.o(i.prvCopyDataToQueue) refers to tasks.o(i.vTaskPriorityDisinherit) for vTaskPriorityDisinherit
    queue.o(i.prvUnlockQueue) refers to port.o(i.vPortEnterCritical) for vPortEnterCritical
    queue.o(i.prvUnlockQueue) refers to tasks.o(i.xTaskRemoveFromEventList) for xTaskRemoveFromEventList
    queue.o(i.prvUnlockQueue) refers to tasks.o(i.vTaskMissedYield) for vTaskMissedYield
    queue.o(i.prvUnlockQueue) refers to port.o(i.vPortExitCritical) for vPortExitCritical
    queue.o(i.uxQueueMessagesWaiting) refers to port.o(i.vPortEnterCritical) for vPortEnterCritical
    queue.o(i.uxQueueMessagesWaiting) refers to port.o(i.vPortExitCritical) for vPortExitCritical
    queue.o(i.uxQueueSpacesAvailable) refers to port.o(i.vPortEnterCritical) for vPortEnterCritical
    queue.o(i.uxQueueSpacesAvailable) refers to port.o(i.vPortExitCritical) for vPortExitCritical
    queue.o(i.vQueueAddToRegistry) refers to queue.o(.bss) for .bss
    queue.o(i.vQueueDelete) refers to queue.o(i.vQueueUnregisterQueue) for vQueueUnregisterQueue
    queue.o(i.vQueueDelete) refers to heap_2.o(i.vPortFree) for vPortFree
    queue.o(i.vQueueUnregisterQueue) refers to queue.o(.bss) for .bss
    queue.o(i.xQueueCreateMutex) refers to heap_2.o(i.pvPortMalloc) for pvPortMalloc
    queue.o(i.xQueueCreateMutex) refers to list.o(i.vListInitialise) for vListInitialise
    queue.o(i.xQueueCreateMutex) refers to queue.o(i.xQueueGenericSend) for xQueueGenericSend
    queue.o(i.xQueueGenericCreate) refers to heap_2.o(i.pvPortMalloc) for pvPortMalloc
    queue.o(i.xQueueGenericCreate) refers to queue.o(i.xQueueGenericReset) for xQueueGenericReset
    queue.o(i.xQueueGenericCreate) refers to heap_2.o(i.vPortFree) for vPortFree
    queue.o(i.xQueueGenericReceive) refers to port.o(i.vPortEnterCritical) for vPortEnterCritical
    queue.o(i.xQueueGenericReceive) refers to queue.o(i.prvCopyDataFromQueue) for prvCopyDataFromQueue
    queue.o(i.xQueueGenericReceive) refers to tasks.o(i.xTaskRemoveFromEventList) for xTaskRemoveFromEventList
    queue.o(i.xQueueGenericReceive) refers to port.o(i.vPortYield) for vPortYield
    queue.o(i.xQueueGenericReceive) refers to port.o(i.vPortExitCritical) for vPortExitCritical
    queue.o(i.xQueueGenericReceive) refers to tasks.o(i.xTaskGetCurrentTaskHandle) for xTaskGetCurrentTaskHandle
    queue.o(i.xQueueGenericReceive) refers to tasks.o(i.vTaskSetTimeOutState) for vTaskSetTimeOutState
    queue.o(i.xQueueGenericReceive) refers to tasks.o(i.vTaskSuspendAll) for vTaskSuspendAll
    queue.o(i.xQueueGenericReceive) refers to tasks.o(i.xTaskCheckForTimeOut) for xTaskCheckForTimeOut
    queue.o(i.xQueueGenericReceive) refers to queue.o(i.prvUnlockQueue) for prvUnlockQueue
    queue.o(i.xQueueGenericReceive) refers to tasks.o(i.xTaskResumeAll) for xTaskResumeAll
    queue.o(i.xQueueGenericReceive) refers to tasks.o(i.vTaskPriorityInherit) for vTaskPriorityInherit
    queue.o(i.xQueueGenericReceive) refers to tasks.o(i.vTaskPlaceOnEventList) for vTaskPlaceOnEventList
    queue.o(i.xQueueGenericReset) refers to port.o(i.vPortEnterCritical) for vPortEnterCritical
    queue.o(i.xQueueGenericReset) refers to list.o(i.vListInitialise) for vListInitialise
    queue.o(i.xQueueGenericReset) refers to port.o(i.vPortExitCritical) for vPortExitCritical
    queue.o(i.xQueueGenericReset) refers to tasks.o(i.xTaskRemoveFromEventList) for xTaskRemoveFromEventList
    queue.o(i.xQueueGenericReset) refers to port.o(i.vPortYield) for vPortYield
    queue.o(i.xQueueGenericSend) refers to port.o(i.vPortEnterCritical) for vPortEnterCritical
    queue.o(i.xQueueGenericSend) refers to queue.o(i.prvCopyDataToQueue) for prvCopyDataToQueue
    queue.o(i.xQueueGenericSend) refers to tasks.o(i.xTaskRemoveFromEventList) for xTaskRemoveFromEventList
    queue.o(i.xQueueGenericSend) refers to port.o(i.vPortYield) for vPortYield
    queue.o(i.xQueueGenericSend) refers to port.o(i.vPortExitCritical) for vPortExitCritical
    queue.o(i.xQueueGenericSend) refers to tasks.o(i.vTaskSetTimeOutState) for vTaskSetTimeOutState
    queue.o(i.xQueueGenericSend) refers to tasks.o(i.vTaskSuspendAll) for vTaskSuspendAll
    queue.o(i.xQueueGenericSend) refers to tasks.o(i.xTaskCheckForTimeOut) for xTaskCheckForTimeOut
    queue.o(i.xQueueGenericSend) refers to queue.o(i.prvUnlockQueue) for prvUnlockQueue
    queue.o(i.xQueueGenericSend) refers to tasks.o(i.xTaskResumeAll) for xTaskResumeAll
    queue.o(i.xQueueGenericSend) refers to tasks.o(i.vTaskPlaceOnEventList) for vTaskPlaceOnEventList
    queue.o(i.xQueueGenericSendFromISR) refers to port.o(.emb_text) for ulPortSetInterruptMask
    queue.o(i.xQueueGenericSendFromISR) refers to queue.o(i.prvCopyDataToQueue) for prvCopyDataToQueue
    queue.o(i.xQueueGenericSendFromISR) refers to tasks.o(i.xTaskRemoveFromEventList) for xTaskRemoveFromEventList
    queue.o(i.xQueueGiveMutexRecursive) refers to tasks.o(i.xTaskGetCurrentTaskHandle) for xTaskGetCurrentTaskHandle
    queue.o(i.xQueueGiveMutexRecursive) refers to queue.o(i.xQueueGenericSend) for xQueueGenericSend
    queue.o(i.xQueuePeekFromISR) refers to port.o(.emb_text) for ulPortSetInterruptMask
    queue.o(i.xQueuePeekFromISR) refers to queue.o(i.prvCopyDataFromQueue) for prvCopyDataFromQueue
    queue.o(i.xQueueReceiveFromISR) refers to port.o(.emb_text) for ulPortSetInterruptMask
    queue.o(i.xQueueReceiveFromISR) refers to queue.o(i.prvCopyDataFromQueue) for prvCopyDataFromQueue
    queue.o(i.xQueueReceiveFromISR) refers to tasks.o(i.xTaskRemoveFromEventList) for xTaskRemoveFromEventList
    queue.o(i.xQueueTakeMutexRecursive) refers to tasks.o(i.xTaskGetCurrentTaskHandle) for xTaskGetCurrentTaskHandle
    queue.o(i.xQueueTakeMutexRecursive) refers to queue.o(i.xQueueGenericReceive) for xQueueGenericReceive
    rgb.o(i.RGBBlinkIntHandler) refers to rgb.o(i.RGBEnable) for RGBEnable
    rgb.o(i.RGBBlinkIntHandler) refers to rgb.o(i.RGBDisable) for RGBDisable
    rgb.o(i.RGBBlinkIntHandler) refers to rgb.o(.data) for .data
    rgb.o(i.RGBBlinkRateSet) refers to rgb.o(i.RGBEnable) for RGBEnable
    rgb.o(i.RGBBlinkRateSet) refers to sysctl.o(i.SysCtlClockGet) for SysCtlClockGet
    rgb.o(i.RGBBlinkRateSet) refers to ffixul.o(.text) for __aeabi_f2ulz
    rgb.o(i.RGBColorGet) refers to rgb.o(.bss) for .bss
    rgb.o(i.RGBColorSet) refers to rgb.o(.bss) for .bss
    rgb.o(i.RGBColorSet) refers to rgb.o(.data) for .data
    rgb.o(i.RGBInit) refers to rgb.o(i.RGBEnable) for RGBEnable
    rgb.o(i.RGBIntensitySet) refers to rgb.o(i.RGBColorSet) for RGBColorSet
    rgb.o(i.RGBIntensitySet) refers to rgb.o(.data) for .data
    rgb.o(i.RGBIntensitySet) refers to rgb.o(.bss) for .bss
    rgb.o(i.RGBSet) refers to rgb.o(i.RGBColorSet) for RGBColorSet
    rgb.o(i.RGBSet) refers to rgb.o(i.RGBIntensitySet) for RGBIntensitySet
    startup_rvmdk.o(RESET) refers to startup_rvmdk.o(STACK) for StackMem
    startup_rvmdk.o(RESET) refers to port.o(.emb_text) for vPortSVCHandler
    startup_rvmdk.o(RESET) refers to port.o(i.xPortSysTickHandler) for xPortSysTickHandler
    startup_rvmdk.o(RESET) refers to entry.o(.ARM.Collect$$$$00000000) for __main
    switch_task.o(i.SwitchTask) refers to tasks.o(i.xTaskGetTickCount) for xTaskGetTickCount
    switch_task.o(i.SwitchTask) refers to buttons.o(i.ButtonsPoll) for ButtonsPoll
    switch_task.o(i.SwitchTask) refers to queue.o(i.xQueueGenericReceive) for xQueueGenericReceive
    switch_task.o(i.SwitchTask) refers to uartstdio.o(i.UARTprintf) for UARTprintf
    switch_task.o(i.SwitchTask) refers to queue.o(i.xQueueGenericSend) for xQueueGenericSend
    switch_task.o(i.SwitchTask) refers to tasks.o(i.vTaskDelayUntil) for vTaskDelayUntil
    switch_task.o(i.SwitchTask) refers to freertos_demo.o(.data) for g_pUARTSemaphore
    switch_task.o(i.SwitchTask) refers to led_task.o(.data) for g_pLEDQueue
    switch_task.o(i.SwitchTaskInit) refers to buttons.o(i.ButtonsInit) for ButtonsInit
    switch_task.o(i.SwitchTaskInit) refers to tasks.o(i.xTaskGenericCreate) for xTaskGenericCreate
    switch_task.o(i.SwitchTaskInit) refers to switch_task.o(i.SwitchTask) for SwitchTask
    tasks.o(i.prvAddCurrentTaskToDelayedList) refers to list.o(i.vListInsert) for vListInsert
    tasks.o(i.prvAddCurrentTaskToDelayedList) refers to tasks.o(.data) for .data
    tasks.o(i.prvCheckTasksWaitingTermination) refers to tasks.o(i.vTaskSuspendAll) for vTaskSuspendAll
    tasks.o(i.prvCheckTasksWaitingTermination) refers to tasks.o(i.xTaskResumeAll) for xTaskResumeAll
    tasks.o(i.prvCheckTasksWaitingTermination) refers to port.o(i.vPortEnterCritical) for vPortEnterCritical
    tasks.o(i.prvCheckTasksWaitingTermination) refers to list.o(i.uxListRemove) for uxListRemove
    tasks.o(i.prvCheckTasksWaitingTermination) refers to port.o(i.vPortExitCritical) for vPortExitCritical
    tasks.o(i.prvCheckTasksWaitingTermination) refers to heap_2.o(i.vPortFree) for vPortFree
    tasks.o(i.prvCheckTasksWaitingTermination) refers to tasks.o(.bss) for .bss
    tasks.o(i.prvCheckTasksWaitingTermination) refers to tasks.o(.data) for .data
    tasks.o(i.prvIdleTask) refers to tasks.o(i.prvCheckTasksWaitingTermination) for prvCheckTasksWaitingTermination
    tasks.o(i.prvListTaskWithinSingleList) refers to tasks.o(i.prvTaskCheckFreeStackSpace) for prvTaskCheckFreeStackSpace
    tasks.o(i.uxTaskGetNumberOfTasks) refers to tasks.o(.data) for .data
    tasks.o(i.uxTaskGetStackHighWaterMark) refers to tasks.o(i.prvTaskCheckFreeStackSpace) for prvTaskCheckFreeStackSpace
    tasks.o(i.uxTaskGetStackHighWaterMark) refers to tasks.o(.data) for .data
    tasks.o(i.uxTaskGetSystemState) refers to tasks.o(i.vTaskSuspendAll) for vTaskSuspendAll
    tasks.o(i.uxTaskGetSystemState) refers to tasks.o(i.prvListTaskWithinSingleList) for prvListTaskWithinSingleList
    tasks.o(i.uxTaskGetSystemState) refers to tasks.o(i.xTaskResumeAll) for xTaskResumeAll
    tasks.o(i.uxTaskGetSystemState) refers to tasks.o(.data) for .data
    tasks.o(i.uxTaskGetSystemState) refers to tasks.o(.bss) for .bss
    tasks.o(i.uxTaskPriorityGet) refers to port.o(i.vPortEnterCritical) for vPortEnterCritical
    tasks.o(i.uxTaskPriorityGet) refers to port.o(i.vPortExitCritical) for vPortExitCritical
    tasks.o(i.uxTaskPriorityGet) refers to tasks.o(.data) for .data
    tasks.o(i.vTaskDelay) refers to tasks.o(i.vTaskSuspendAll) for vTaskSuspendAll
    tasks.o(i.vTaskDelay) refers to list.o(i.uxListRemove) for uxListRemove
    tasks.o(i.vTaskDelay) refers to tasks.o(i.prvAddCurrentTaskToDelayedList) for prvAddCurrentTaskToDelayedList
    tasks.o(i.vTaskDelay) refers to tasks.o(i.xTaskResumeAll) for xTaskResumeAll
    tasks.o(i.vTaskDelay) refers to port.o(i.vPortYield) for vPortYield
    tasks.o(i.vTaskDelay) refers to tasks.o(.data) for .data
    tasks.o(i.vTaskDelayUntil) refers to tasks.o(i.vTaskSuspendAll) for vTaskSuspendAll
    tasks.o(i.vTaskDelayUntil) refers to list.o(i.uxListRemove) for uxListRemove
    tasks.o(i.vTaskDelayUntil) refers to tasks.o(i.prvAddCurrentTaskToDelayedList) for prvAddCurrentTaskToDelayedList
    tasks.o(i.vTaskDelayUntil) refers to tasks.o(i.xTaskResumeAll) for xTaskResumeAll
    tasks.o(i.vTaskDelayUntil) refers to port.o(i.vPortYield) for vPortYield
    tasks.o(i.vTaskDelayUntil) refers to tasks.o(.data) for .data
    tasks.o(i.vTaskDelete) refers to port.o(i.vPortEnterCritical) for vPortEnterCritical
    tasks.o(i.vTaskDelete) refers to list.o(i.uxListRemove) for uxListRemove
    tasks.o(i.vTaskDelete) refers to list.o(i.vListInsertEnd) for vListInsertEnd
    tasks.o(i.vTaskDelete) refers to port.o(i.vPortExitCritical) for vPortExitCritical
    tasks.o(i.vTaskDelete) refers to port.o(i.vPortYield) for vPortYield
    tasks.o(i.vTaskDelete) refers to tasks.o(.data) for .data
    tasks.o(i.vTaskDelete) refers to tasks.o(.bss) for .bss
    tasks.o(i.vTaskEndScheduler) refers to port.o(.emb_text) for ulPortSetInterruptMask
    tasks.o(i.vTaskEndScheduler) refers to port.o(i.vPortEndScheduler) for vPortEndScheduler
    tasks.o(i.vTaskEndScheduler) refers to tasks.o(.data) for .data
    tasks.o(i.vTaskMissedYield) refers to tasks.o(.data) for .data
    tasks.o(i.vTaskPlaceOnEventList) refers to list.o(i.vListInsert) for vListInsert
    tasks.o(i.vTaskPlaceOnEventList) refers to list.o(i.uxListRemove) for uxListRemove
    tasks.o(i.vTaskPlaceOnEventList) refers to tasks.o(i.prvAddCurrentTaskToDelayedList) for prvAddCurrentTaskToDelayedList
    tasks.o(i.vTaskPlaceOnEventList) refers to list.o(i.vListInsertEnd) for vListInsertEnd
    tasks.o(i.vTaskPlaceOnEventList) refers to tasks.o(.data) for .data
    tasks.o(i.vTaskPlaceOnEventList) refers to tasks.o(.bss) for .bss
    tasks.o(i.vTaskPriorityDisinherit) refers to list.o(i.uxListRemove) for uxListRemove
    tasks.o(i.vTaskPriorityDisinherit) refers to list.o(i.vListInsertEnd) for vListInsertEnd
    tasks.o(i.vTaskPriorityDisinherit) refers to tasks.o(.data) for .data
    tasks.o(i.vTaskPriorityDisinherit) refers to tasks.o(.bss) for .bss
    tasks.o(i.vTaskPriorityInherit) refers to list.o(i.uxListRemove) for uxListRemove
    tasks.o(i.vTaskPriorityInherit) refers to list.o(i.vListInsertEnd) for vListInsertEnd
    tasks.o(i.vTaskPriorityInherit) refers to tasks.o(.data) for .data
    tasks.o(i.vTaskPriorityInherit) refers to tasks.o(.bss) for .bss
    tasks.o(i.vTaskPrioritySet) refers to port.o(i.vPortEnterCritical) for vPortEnterCritical
    tasks.o(i.vTaskPrioritySet) refers to list.o(i.uxListRemove) for uxListRemove
    tasks.o(i.vTaskPrioritySet) refers to list.o(i.vListInsertEnd) for vListInsertEnd
    tasks.o(i.vTaskPrioritySet) refers to port.o(i.vPortYield) for vPortYield
    tasks.o(i.vTaskPrioritySet) refers to port.o(i.vPortExitCritical) for vPortExitCritical
    tasks.o(i.vTaskPrioritySet) refers to tasks.o(.data) for .data
    tasks.o(i.vTaskPrioritySet) refers to tasks.o(.bss) for .bss
    tasks.o(i.vTaskResume) refers to port.o(i.vPortEnterCritical) for vPortEnterCritical
    tasks.o(i.vTaskResume) refers to tasks.o(i.xTaskIsTaskSuspended) for xTaskIsTaskSuspended
    tasks.o(i.vTaskResume) refers to list.o(i.uxListRemove) for uxListRemove
    tasks.o(i.vTaskResume) refers to list.o(i.vListInsertEnd) for vListInsertEnd
    tasks.o(i.vTaskResume) refers to port.o(i.vPortYield) for vPortYield
    tasks.o(i.vTaskResume) refers to port.o(i.vPortExitCritical) for vPortExitCritical
    tasks.o(i.vTaskResume) refers to tasks.o(.data) for .data
    tasks.o(i.vTaskResume) refers to tasks.o(.bss) for .bss
    tasks.o(i.vTaskSetTimeOutState) refers to tasks.o(.data) for .data
    tasks.o(i.vTaskStartScheduler) refers to tasks.o(i.xTaskGenericCreate) for xTaskGenericCreate
    tasks.o(i.vTaskStartScheduler) refers to port.o(.emb_text) for ulPortSetInterruptMask
    tasks.o(i.vTaskStartScheduler) refers to port.o(i.xPortStartScheduler) for xPortStartScheduler
    tasks.o(i.vTaskStartScheduler) refers to tasks.o(i.prvIdleTask) for prvIdleTask
    tasks.o(i.vTaskStartScheduler) refers to tasks.o(.data) for .data
    tasks.o(i.vTaskSuspend) refers to port.o(i.vPortEnterCritical) for vPortEnterCritical
    tasks.o(i.vTaskSuspend) refers to list.o(i.uxListRemove) for uxListRemove
    tasks.o(i.vTaskSuspend) refers to list.o(i.vListInsertEnd) for vListInsertEnd
    tasks.o(i.vTaskSuspend) refers to port.o(i.vPortExitCritical) for vPortExitCritical
    tasks.o(i.vTaskSuspend) refers to port.o(i.vPortYield) for vPortYield
    tasks.o(i.vTaskSuspend) refers to tasks.o(i.vTaskSwitchContext) for vTaskSwitchContext
    tasks.o(i.vTaskSuspend) refers to tasks.o(.data) for .data
    tasks.o(i.vTaskSuspend) refers to tasks.o(.bss) for .bss
    tasks.o(i.vTaskSuspendAll) refers to tasks.o(.data) for .data
    tasks.o(i.vTaskSwitchContext) refers to freertos_demo.o(i.vApplicationStackOverflowHook) for vApplicationStackOverflowHook
    tasks.o(i.vTaskSwitchContext) refers to memcmp.o(.text) for memcmp
    tasks.o(i.vTaskSwitchContext) refers to tasks.o(.data) for .data
    tasks.o(i.vTaskSwitchContext) refers to tasks.o(.constdata) for .constdata
    tasks.o(i.vTaskSwitchContext) refers to tasks.o(.bss) for .bss
    tasks.o(i.xTaskCheckForTimeOut) refers to port.o(i.vPortEnterCritical) for vPortEnterCritical
    tasks.o(i.xTaskCheckForTimeOut) refers to tasks.o(i.vTaskSetTimeOutState) for vTaskSetTimeOutState
    tasks.o(i.xTaskCheckForTimeOut) refers to port.o(i.vPortExitCritical) for vPortExitCritical
    tasks.o(i.xTaskCheckForTimeOut) refers to tasks.o(.data) for .data
    tasks.o(i.xTaskGenericCreate) refers to heap_2.o(i.pvPortMalloc) for pvPortMalloc
    tasks.o(i.xTaskGenericCreate) refers to memseta.o(.text) for __aeabi_memset
    tasks.o(i.xTaskGenericCreate) refers to list.o(i.vListInitialiseItem) for vListInitialiseItem
    tasks.o(i.xTaskGenericCreate) refers to port.o(i.pxPortInitialiseStack) for pxPortInitialiseStack
    tasks.o(i.xTaskGenericCreate) refers to port.o(i.vPortEnterCritical) for vPortEnterCritical
    tasks.o(i.xTaskGenericCreate) refers to heap_2.o(i.vPortFree) for vPortFree
    tasks.o(i.xTaskGenericCreate) refers to list.o(i.vListInitialise) for vListInitialise
    tasks.o(i.xTaskGenericCreate) refers to list.o(i.vListInsertEnd) for vListInsertEnd
    tasks.o(i.xTaskGenericCreate) refers to port.o(i.vPortExitCritical) for vPortExitCritical
    tasks.o(i.xTaskGenericCreate) refers to port.o(i.vPortYield) for vPortYield
    tasks.o(i.xTaskGenericCreate) refers to tasks.o(.data) for .data
    tasks.o(i.xTaskGenericCreate) refers to tasks.o(.bss) for .bss
    tasks.o(i.xTaskGetCurrentTaskHandle) refers to tasks.o(.data) for .data
    tasks.o(i.xTaskGetTickCount) refers to port.o(i.vPortEnterCritical) for vPortEnterCritical
    tasks.o(i.xTaskGetTickCount) refers to port.o(i.vPortExitCritical) for vPortExitCritical
    tasks.o(i.xTaskGetTickCount) refers to tasks.o(.data) for .data
    tasks.o(i.xTaskGetTickCountFromISR) refers to port.o(.emb_text) for ulPortSetInterruptMask
    tasks.o(i.xTaskGetTickCountFromISR) refers to tasks.o(.data) for .data
    tasks.o(i.xTaskIncrementTick) refers to list.o(i.uxListRemove) for uxListRemove
    tasks.o(i.xTaskIncrementTick) refers to list.o(i.vListInsertEnd) for vListInsertEnd
    tasks.o(i.xTaskIncrementTick) refers to tasks.o(.data) for .data
    tasks.o(i.xTaskIncrementTick) refers to tasks.o(.bss) for .bss
    tasks.o(i.xTaskIsTaskSuspended) refers to tasks.o(.bss) for .bss
    tasks.o(i.xTaskRemoveFromEventList) refers to list.o(i.uxListRemove) for uxListRemove
    tasks.o(i.xTaskRemoveFromEventList) refers to list.o(i.vListInsertEnd) for vListInsertEnd
    tasks.o(i.xTaskRemoveFromEventList) refers to tasks.o(.data) for .data
    tasks.o(i.xTaskRemoveFromEventList) refers to tasks.o(.bss) for .bss
    tasks.o(i.xTaskResumeAll) refers to port.o(i.vPortEnterCritical) for vPortEnterCritical
    tasks.o(i.xTaskResumeAll) refers to list.o(i.uxListRemove) for uxListRemove
    tasks.o(i.xTaskResumeAll) refers to list.o(i.vListInsertEnd) for vListInsertEnd
    tasks.o(i.xTaskResumeAll) refers to tasks.o(i.xTaskIncrementTick) for xTaskIncrementTick
    tasks.o(i.xTaskResumeAll) refers to port.o(i.vPortYield) for vPortYield
    tasks.o(i.xTaskResumeAll) refers to port.o(i.vPortExitCritical) for vPortExitCritical
    tasks.o(i.xTaskResumeAll) refers to tasks.o(.data) for .data
    tasks.o(i.xTaskResumeAll) refers to tasks.o(.bss) for .bss
    tasks.o(i.xTaskResumeFromISR) refers to port.o(.emb_text) for ulPortSetInterruptMask
    tasks.o(i.xTaskResumeFromISR) refers to tasks.o(i.xTaskIsTaskSuspended) for xTaskIsTaskSuspended
    tasks.o(i.xTaskResumeFromISR) refers to list.o(i.uxListRemove) for uxListRemove
    tasks.o(i.xTaskResumeFromISR) refers to list.o(i.vListInsertEnd) for vListInsertEnd
    tasks.o(i.xTaskResumeFromISR) refers to tasks.o(.data) for .data
    tasks.o(i.xTaskResumeFromISR) refers to tasks.o(.bss) for .bss
    uartstdio.o(i.UARTStdioConfig) refers to uartstdio.o(.constdata) for .constdata
    uartstdio.o(i.UARTStdioConfig) refers to uartstdio.o(.data) for .data
    uartstdio.o(i.UARTgetc) refers to uartstdio.o(.data) for .data
    uartstdio.o(i.UARTgets) refers to uartstdio.o(i.UARTwrite) for UARTwrite
    uartstdio.o(i.UARTgets) refers to uartstdio.o(.data) for .data
    uartstdio.o(i.UARTprintf) refers to uartstdio.o(i.UARTvprintf) for UARTvprintf
    uartstdio.o(i.UARTvprintf) refers to uartstdio.o(i.UARTwrite) for UARTwrite
    uartstdio.o(i.UARTvprintf) refers to uartstdio.o(.constdata) for .constdata
    uartstdio.o(i.UARTwrite) refers to uartstdio.o(.data) for .data
    uartstdio.o(.constdata) refers to uartstdio.o(.conststring) for .conststring
    ustdlib.o(i.ulocaltime) refers to ustdlib.o(.constdata) for .constdata
    ustdlib.o(i.umktime) refers to ustdlib.o(i.ulocaltime) for ulocaltime
    ustdlib.o(i.umktime) refers to ustdlib.o(i.ucmptime) for ucmptime
    ustdlib.o(i.urand) refers to ustdlib.o(.data) for .data
    ustdlib.o(i.usnprintf) refers to ustdlib.o(i.uvsnprintf) for uvsnprintf
    ustdlib.o(i.usprintf) refers to ustdlib.o(i.uvsnprintf) for uvsnprintf
    ustdlib.o(i.usrand) refers to ustdlib.o(.data) for .data
    ustdlib.o(i.ustrcasecmp) refers to ustdlib.o(i.ustrncasecmp) for ustrncasecmp
    ustdlib.o(i.ustrcmp) refers to ustdlib.o(i.ustrncmp) for ustrncmp
    ustdlib.o(i.ustrstr) refers to ustdlib.o(i.ustrlen) for ustrlen
    ustdlib.o(i.ustrstr) refers to ustdlib.o(i.ustrncmp) for ustrncmp
    ustdlib.o(i.ustrtof) refers to ustdlib.o(.constdata) for .constdata
    ustdlib.o(i.uvsnprintf) refers to ustdlib.o(i.ustrncpy) for ustrncpy
    ustdlib.o(i.uvsnprintf) refers to ustdlib.o(.constdata) for .constdata
    ustdlib.o(.constdata) refers to ustdlib.o(.conststring) for .conststring
    heap_2.o(i.pvPortMalloc) refers to tasks.o(i.vTaskSuspendAll) for vTaskSuspendAll
    heap_2.o(i.pvPortMalloc) refers to tasks.o(i.xTaskResumeAll) for xTaskResumeAll
    heap_2.o(i.pvPortMalloc) refers to heap_2.o(.data) for .data
    heap_2.o(i.pvPortMalloc) refers to heap_2.o(.bss) for .bss
    heap_2.o(i.vPortFree) refers to tasks.o(i.vTaskSuspendAll) for vTaskSuspendAll
    heap_2.o(i.vPortFree) refers to tasks.o(i.xTaskResumeAll) for xTaskResumeAll
    heap_2.o(i.vPortFree) refers to heap_2.o(.data) for .data
    heap_2.o(i.xPortGetFreeHeapSize) refers to heap_2.o(.data) for .data
    sysctl.o(i.SysCtlClockFreqSet) refers to sysctl.o(.constdata) for .constdata
    sysctl.o(i.SysCtlClockGet) refers to sysctl.o(.constdata) for .constdata
    sysctl.o(i.SysCtlClockSet) refers to sysctl.o(.emb_text) for SysCtlDelay
    sysctl.o(i.SysCtlDeepSleep) refers to cpu.o(.emb_text) for CPUwfi
    sysctl.o(i.SysCtlIntRegister) refers to interrupt.o(i.IntRegister) for IntRegister
    sysctl.o(i.SysCtlIntRegister) refers to interrupt.o(i.IntEnable) for IntEnable
    sysctl.o(i.SysCtlIntUnregister) refers to interrupt.o(i.IntDisable) for IntDisable
    sysctl.o(i.SysCtlIntUnregister) refers to interrupt.o(i.IntUnregister) for IntUnregister
    sysctl.o(i.SysCtlSleep) refers to cpu.o(.emb_text) for CPUwfi
    uart.o(i.UARTIntRegister) refers to interrupt.o(i.IntRegister) for IntRegister
    uart.o(i.UARTIntRegister) refers to interrupt.o(i.IntEnable) for IntEnable
    uart.o(i.UARTIntRegister) refers to uart.o(.constdata) for .constdata
    uart.o(i.UARTIntUnregister) refers to interrupt.o(i.IntDisable) for IntDisable
    uart.o(i.UARTIntUnregister) refers to interrupt.o(i.IntUnregister) for IntUnregister
    uart.o(i.UARTIntUnregister) refers to uart.o(.constdata) for .constdata
    interrupt.o(i.IntDisable) refers to interrupt.o(.constdata) for .constdata
    interrupt.o(i.IntEnable) refers to interrupt.o(.constdata) for .constdata
    interrupt.o(i.IntIsEnabled) refers to interrupt.o(.constdata) for .constdata
    interrupt.o(i.IntMasterDisable) refers to cpu.o(.emb_text) for CPUcpsid
    interrupt.o(i.IntMasterEnable) refers to cpu.o(.emb_text) for CPUcpsie
    interrupt.o(i.IntPendClear) refers to interrupt.o(.constdata) for .constdata
    interrupt.o(i.IntPendSet) refers to interrupt.o(.constdata) for .constdata
    interrupt.o(i.IntPriorityGet) refers to interrupt.o(.constdata) for .constdata
    interrupt.o(i.IntPriorityGroupingGet) refers to interrupt.o(.constdata) for .constdata
    interrupt.o(i.IntPriorityGroupingSet) refers to interrupt.o(.constdata) for .constdata
    interrupt.o(i.IntPriorityMaskGet) refers to cpu.o(.emb_text) for CPUbasepriGet
    interrupt.o(i.IntPriorityMaskSet) refers to cpu.o(.emb_text) for CPUbasepriSet
    interrupt.o(i.IntPrioritySet) refers to interrupt.o(.constdata) for .constdata
    interrupt.o(i.IntRegister) refers to interrupt.o(vtable) for vtable
    interrupt.o(i.IntUnregister) refers to interrupt.o(i._IntDefaultHandler) for _IntDefaultHandler
    interrupt.o(i.IntUnregister) refers to interrupt.o(vtable) for vtable
    entry.o(.ARM.Collect$$$$00000000) refers (Special) to entry10a.o(.ARM.Collect$$$$0000000D) for __rt_final_cpp
    entry.o(.ARM.Collect$$$$00000000) refers (Special) to entry11a.o(.ARM.Collect$$$$0000000F) for __rt_final_exit
    entry.o(.ARM.Collect$$$$00000000) refers (Special) to entry7b.o(.ARM.Collect$$$$00000008) for _main_clock
    entry.o(.ARM.Collect$$$$00000000) refers (Special) to entry8b.o(.ARM.Collect$$$$0000000A) for _main_cpp_init
    entry.o(.ARM.Collect$$$$00000000) refers (Special) to entry9a.o(.ARM.Collect$$$$0000000B) for _main_init
    entry.o(.ARM.Collect$$$$00000000) refers (Special) to entry5.o(.ARM.Collect$$$$00000004) for _main_scatterload
    entry.o(.ARM.Collect$$$$00000000) refers (Special) to entry2.o(.ARM.Collect$$$$00000001) for _main_stk
    ffixul.o(.text) refers (Special) to iusefp.o(.text) for __I$use$fp
    ffixul.o(.text) refers to llshl.o(.text) for __aeabi_llsl
    entry2.o(.ARM.Collect$$$$00000001) refers to entry2.o(.ARM.Collect$$$$00002712) for __lit__00000000
    entry2.o(.ARM.Collect$$$$00002712) refers to startup_rvmdk.o(STACK) for __initial_sp
    entry2.o(__vectab_stack_and_reset_area) refers to startup_rvmdk.o(STACK) for __initial_sp
    entry2.o(__vectab_stack_and_reset_area) refers to entry.o(.ARM.Collect$$$$00000000) for __main
    entry5.o(.ARM.Collect$$$$00000004) refers to init.o(.text) for __scatterload
    entry9a.o(.ARM.Collect$$$$0000000B) refers to freertos_demo.o(i.main) for main
    entry9b.o(.ARM.Collect$$$$0000000C) refers to freertos_demo.o(i.main) for main
    init.o(.text) refers to entry5.o(.ARM.Collect$$$$00000004) for __main_after_scatterload


==============================================================================

Removing Unused input sections from the image.

    Removing port.o(i.vPortEndScheduler), (2 bytes).
    Removing queue.o(i.ucQueueGetQueueNumber), (6 bytes).
    Removing queue.o(i.ucQueueGetQueueType), (6 bytes).
    Removing queue.o(i.uxQueueMessagesWaiting), (18 bytes).
    Removing queue.o(i.uxQueueMessagesWaitingFromISR), (4 bytes).
    Removing queue.o(i.uxQueueSpacesAvailable), (22 bytes).
    Removing queue.o(i.vQueueAddToRegistry), (36 bytes).
    Removing queue.o(i.vQueueDelete), (24 bytes).
    Removing queue.o(i.vQueueSetQueueNumber), (6 bytes).
    Removing queue.o(i.vQueueUnregisterQueue), (36 bytes).
    Removing queue.o(i.xQueueGenericSendFromISR), (98 bytes).
    Removing queue.o(i.xQueueGiveMutexRecursive), (42 bytes).
    Removing queue.o(i.xQueueIsQueueEmptyFromISR), (12 bytes).
    Removing queue.o(i.xQueueIsQueueFullFromISR), (16 bytes).
    Removing queue.o(i.xQueuePeekFromISR), (48 bytes).
    Removing queue.o(i.xQueueReceiveFromISR), (92 bytes).
    Removing queue.o(i.xQueueTakeMutexRecursive), (50 bytes).
    Removing queue.o(.bss), (80 bytes).
    Removing rgb.o(i.RGBBlinkIntHandler), (56 bytes).
    Removing rgb.o(i.RGBBlinkRateSet), (120 bytes).
    Removing rgb.o(i.RGBColorGet), (24 bytes).
    Removing rgb.o(i.RGBSet), (30 bytes).
    Removing startup_rvmdk.o(HEAP), (0 bytes).
    Removing startup_rvmdk.o(.text), (0 bytes).
    Removing tasks.o(i.prvListTaskWithinSingleList), (112 bytes).
    Removing tasks.o(i.prvTaskCheckFreeStackSpace), (20 bytes).
    Removing tasks.o(i.uxTaskGetNumberOfTasks), (12 bytes).
    Removing tasks.o(i.uxTaskGetStackHighWaterMark), (16 bytes).
    Removing tasks.o(i.uxTaskGetSystemState), (152 bytes).
    Removing tasks.o(i.uxTaskGetTaskNumber), (8 bytes).
    Removing tasks.o(i.uxTaskPriorityGet), (28 bytes).
    Removing tasks.o(i.vTaskDelay), (52 bytes).
    Removing tasks.o(i.vTaskDelete), (88 bytes).
    Removing tasks.o(i.vTaskEndScheduler), (24 bytes).
    Removing tasks.o(i.vTaskPrioritySet), (144 bytes).
    Removing tasks.o(i.vTaskResume), (92 bytes).
    Removing tasks.o(i.vTaskSetTaskNumber), (8 bytes).
    Removing tasks.o(i.vTaskSuspend), (96 bytes).
    Removing tasks.o(i.xTaskGetTickCountFromISR), (24 bytes).
    Removing tasks.o(i.xTaskIsTaskSuspended), (32 bytes).
    Removing tasks.o(i.xTaskResumeFromISR), (108 bytes).
    Removing uartstdio.o(i.UARTgetc), (24 bytes).
    Removing uartstdio.o(i.UARTgets), (132 bytes).
    Removing ustdlib.o(i.ucmptime), (82 bytes).
    Removing ustdlib.o(i.ulocaltime), (164 bytes).
    Removing ustdlib.o(i.umktime), (58 bytes).
    Removing ustdlib.o(i.urand), (28 bytes).
    Removing ustdlib.o(i.usnprintf), (18 bytes).
    Removing ustdlib.o(i.usprintf), (22 bytes).
    Removing ustdlib.o(i.usrand), (12 bytes).
    Removing ustdlib.o(i.ustrcasecmp), (8 bytes).
    Removing ustdlib.o(i.ustrcmp), (8 bytes).
    Removing ustdlib.o(i.ustrlen), (16 bytes).
    Removing ustdlib.o(i.ustrncasecmp), (70 bytes).
    Removing ustdlib.o(i.ustrncmp), (46 bytes).
    Removing ustdlib.o(i.ustrncpy), (36 bytes).
    Removing ustdlib.o(i.ustrstr), (42 bytes).
    Removing ustdlib.o(i.ustrtof), (316 bytes).
    Removing ustdlib.o(i.ustrtoul), (158 bytes).
    Removing ustdlib.o(i.uvsnprintf), (592 bytes).
    Removing ustdlib.o(.constdata), (76 bytes).
    Removing ustdlib.o(.conststring), (17 bytes).
    Removing ustdlib.o(.data), (4 bytes).
    Removing heap_2.o(i.vPortInitialiseBlocks), (2 bytes).
    Removing heap_2.o(i.xPortGetFreeHeapSize), (12 bytes).
    Removing sysctl.o(.emb_text), (6 bytes).
    Removing sysctl.o(i.SysCtlAltClkConfig), (12 bytes).
    Removing sysctl.o(i.SysCtlClockFreqSet), (712 bytes).
    Removing sysctl.o(i.SysCtlClockGet), (356 bytes).
    Removing sysctl.o(i.SysCtlClockOutConfig), (20 bytes).
    Removing sysctl.o(i.SysCtlClockSet), (288 bytes).
    Removing sysctl.o(i.SysCtlDeepSleep), (32 bytes).
    Removing sysctl.o(i.SysCtlDeepSleepClockConfigSet), (112 bytes).
    Removing sysctl.o(i.SysCtlDeepSleepClockSet), (12 bytes).
    Removing sysctl.o(i.SysCtlDeepSleepPowerSet), (12 bytes).
    Removing sysctl.o(i.SysCtlFlashSectorSizeGet), (56 bytes).
    Removing sysctl.o(i.SysCtlFlashSizeGet), (56 bytes).
    Removing sysctl.o(i.SysCtlGPIOAHBDisable), (28 bytes).
    Removing sysctl.o(i.SysCtlGPIOAHBEnable), (24 bytes).
    Removing sysctl.o(i.SysCtlIntClear), (12 bytes).
    Removing sysctl.o(i.SysCtlIntDisable), (16 bytes).
    Removing sysctl.o(i.SysCtlIntEnable), (16 bytes).
    Removing sysctl.o(i.SysCtlIntRegister), (20 bytes).
    Removing sysctl.o(i.SysCtlIntStatus), (16 bytes).
    Removing sysctl.o(i.SysCtlIntUnregister), (18 bytes).
    Removing sysctl.o(i.SysCtlLDODeepSleepGet), (12 bytes).
    Removing sysctl.o(i.SysCtlLDODeepSleepSet), (12 bytes).
    Removing sysctl.o(i.SysCtlLDOSleepGet), (12 bytes).
    Removing sysctl.o(i.SysCtlLDOSleepSet), (12 bytes).
    Removing sysctl.o(i.SysCtlMOSCConfigSet), (12 bytes).
    Removing sysctl.o(i.SysCtlNMIClear), (16 bytes).
    Removing sysctl.o(i.SysCtlNMIStatus), (12 bytes).
    Removing sysctl.o(i.SysCtlPIOSCCalibrate), (76 bytes).
    Removing sysctl.o(i.SysCtlPWMClockGet), (24 bytes).
    Removing sysctl.o(i.SysCtlPWMClockSet), (20 bytes).
    Removing sysctl.o(i.SysCtlPeripheralClockGating), (68 bytes).
    Removing sysctl.o(i.SysCtlPeripheralDeepSleepDisable), (40 bytes).
    Removing sysctl.o(i.SysCtlPeripheralDeepSleepEnable), (40 bytes).
    Removing sysctl.o(i.SysCtlPeripheralDisable), (40 bytes).
    Removing sysctl.o(i.SysCtlPeripheralEnable), (40 bytes).
    Removing sysctl.o(i.SysCtlPeripheralPowerOff), (40 bytes).
    Removing sysctl.o(i.SysCtlPeripheralPowerOn), (40 bytes).
    Removing sysctl.o(i.SysCtlPeripheralPresent), (44 bytes).
    Removing sysctl.o(i.SysCtlPeripheralReady), (44 bytes).
    Removing sysctl.o(i.SysCtlPeripheralReset), (60 bytes).
    Removing sysctl.o(i.SysCtlPeripheralSleepDisable), (40 bytes).
    Removing sysctl.o(i.SysCtlPeripheralSleepEnable), (40 bytes).
    Removing sysctl.o(i.SysCtlReset), (16 bytes).
    Removing sysctl.o(i.SysCtlResetBehaviorGet), (12 bytes).
    Removing sysctl.o(i.SysCtlResetBehaviorSet), (12 bytes).
    Removing sysctl.o(i.SysCtlResetCauseClear), (16 bytes).
    Removing sysctl.o(i.SysCtlResetCauseGet), (12 bytes).
    Removing sysctl.o(i.SysCtlSRAMSizeGet), (16 bytes).
    Removing sysctl.o(i.SysCtlSleep), (4 bytes).
    Removing sysctl.o(i.SysCtlSleepPowerSet), (12 bytes).
    Removing sysctl.o(i.SysCtlUSBPLLDisable), (16 bytes).
    Removing sysctl.o(i.SysCtlUSBPLLEnable), (16 bytes).
    Removing sysctl.o(i.SysCtlVoltageEventClear), (16 bytes).
    Removing sysctl.o(i.SysCtlVoltageEventConfig), (12 bytes).
    Removing sysctl.o(i.SysCtlVoltageEventStatus), (12 bytes).
    Removing sysctl.o(.constdata), (452 bytes).
    Removing uart.o(i.UART9BitAddrSend), (38 bytes).
    Removing uart.o(i.UART9BitAddrSet), (10 bytes).
    Removing uart.o(i.UART9BitDisable), (14 bytes).
    Removing uart.o(i.UART9BitEnable), (14 bytes).
    Removing uart.o(i.UARTBreakCtl), (18 bytes).
    Removing uart.o(i.UARTBusy), (8 bytes).
    Removing uart.o(i.UARTCharGet), (12 bytes).
    Removing uart.o(i.UARTCharGetNonBlocking), (16 bytes).
    Removing uart.o(i.UARTCharPut), (12 bytes).
    Removing uart.o(i.UARTCharPutNonBlocking), (16 bytes).
    Removing uart.o(i.UARTCharsAvail), (10 bytes).
    Removing uart.o(i.UARTClockSourceGet), (6 bytes).
    Removing uart.o(i.UARTConfigGetExpClk), (46 bytes).
    Removing uart.o(i.UARTConfigSetExpClk), (110 bytes).
    Removing uart.o(i.UARTDMADisable), (10 bytes).
    Removing uart.o(i.UARTDMAEnable), (8 bytes).
    Removing uart.o(i.UARTDisable), (30 bytes).
    Removing uart.o(i.UARTDisableSIR), (10 bytes).
    Removing uart.o(i.UARTEnable), (20 bytes).
    Removing uart.o(i.UARTEnableSIR), (18 bytes).
    Removing uart.o(i.UARTFIFODisable), (10 bytes).
    Removing uart.o(i.UARTFIFOEnable), (10 bytes).
    Removing uart.o(i.UARTFIFOLevelGet), (16 bytes).
    Removing uart.o(i.UARTFIFOLevelSet), (6 bytes).
    Removing uart.o(i.UARTFlowControlGet), (8 bytes).
    Removing uart.o(i.UARTFlowControlSet), (12 bytes).
    Removing uart.o(i.UARTIntClear), (4 bytes).
    Removing uart.o(i.UARTIntDisable), (10 bytes).
    Removing uart.o(i.UARTIntEnable), (8 bytes).
    Removing uart.o(i.UARTIntRegister), (88 bytes).
    Removing uart.o(i.UARTIntStatus), (10 bytes).
    Removing uart.o(i.UARTIntUnregister), (88 bytes).
    Removing uart.o(i.UARTModemControlClear), (14 bytes).
    Removing uart.o(i.UARTModemControlGet), (8 bytes).
    Removing uart.o(i.UARTModemControlSet), (12 bytes).
    Removing uart.o(i.UARTModemStatusGet), (10 bytes).
    Removing uart.o(i.UARTParityModeGet), (8 bytes).
    Removing uart.o(i.UARTParityModeSet), (12 bytes).
    Removing uart.o(i.UARTRxErrorClear), (6 bytes).
    Removing uart.o(i.UARTRxErrorGet), (8 bytes).
    Removing uart.o(i.UARTSmartCardDisable), (10 bytes).
    Removing uart.o(i.UARTSmartCardEnable), (22 bytes).
    Removing uart.o(i.UARTSpaceAvail), (10 bytes).
    Removing uart.o(i.UARTTxIntModeGet), (8 bytes).
    Removing uart.o(i.UARTTxIntModeSet), (12 bytes).
    Removing uart.o(.constdata), (128 bytes).
    Removing cpu.o(.emb_text), (38 bytes).
    Removing interrupt.o(i.IntDisable), (100 bytes).
    Removing interrupt.o(i.IntEnable), (100 bytes).
    Removing interrupt.o(i.IntIsEnabled), (96 bytes).
    Removing interrupt.o(i.IntMasterDisable), (14 bytes).
    Removing interrupt.o(i.IntMasterEnable), (14 bytes).
    Removing interrupt.o(i.IntPendClear), (68 bytes).
    Removing interrupt.o(i.IntPendSet), (84 bytes).
    Removing interrupt.o(i.IntPriorityGet), (28 bytes).
    Removing interrupt.o(i.IntPriorityGroupingGet), (36 bytes).
    Removing interrupt.o(i.IntPriorityGroupingSet), (28 bytes).
    Removing interrupt.o(i.IntPriorityMaskGet), (4 bytes).
    Removing interrupt.o(i.IntPriorityMaskSet), (4 bytes).
    Removing interrupt.o(i.IntPrioritySet), (40 bytes).
    Removing interrupt.o(i.IntRegister), (52 bytes).
    Removing interrupt.o(i.IntTrigger), (12 bytes).
    Removing interrupt.o(i.IntUnregister), (20 bytes).
    Removing interrupt.o(i._IntDefaultHandler), (2 bytes).
    Removing interrupt.o(.constdata), (268 bytes).
    Removing interrupt.o(vtable), (620 bytes).
    Removing ffixul.o(.text), (44 bytes).

188 unused section(s) (total 9615 bytes) removed from the image.

==============================================================================

Image Symbol Table

    Local Symbols

    Symbol Name                              Value     Ov Type        Size  Object(Section)

    RESET                                    0x00000000   Section      648  startup_rvmdk.o(RESET)
    ../clib/microlib/init/entry.s            0x00000000   Number         0  entry5.o ABSOLUTE
    ../clib/microlib/init/entry.s            0x00000000   Number         0  entry7b.o ABSOLUTE
    ../clib/microlib/init/entry.s            0x00000000   Number         0  entry7a.o ABSOLUTE
    ../clib/microlib/init/entry.s            0x00000000   Number         0  entry.o ABSOLUTE
    ../clib/microlib/init/entry.s            0x00000000   Number         0  entry9a.o ABSOLUTE
    ../clib/microlib/init/entry.s            0x00000000   Number         0  entry8b.o ABSOLUTE
    ../clib/microlib/init/entry.s            0x00000000   Number         0  entry9b.o ABSOLUTE
    ../clib/microlib/init/entry.s            0x00000000   Number         0  entry10a.o ABSOLUTE
    ../clib/microlib/init/entry.s            0x00000000   Number         0  entry8a.o ABSOLUTE
    ../clib/microlib/init/entry.s            0x00000000   Number         0  entry10b.o ABSOLUTE
    ../clib/microlib/init/entry.s            0x00000000   Number         0  entry11a.o ABSOLUTE
    ../clib/microlib/init/entry.s            0x00000000   Number         0  entry11b.o ABSOLUTE
    ../clib/microlib/init/entry.s            0x00000000   Number         0  entry2.o ABSOLUTE
    ../clib/microlib/longlong.c              0x00000000   Number         0  llshl.o ABSOLUTE
    ../clib/microlib/string/memcmp.c         0x00000000   Number         0  memcmp.o ABSOLUTE
    ../clib/microlib/string/memcpy.c         0x00000000   Number         0  memcpya.o ABSOLUTE
    ../clib/microlib/string/memcpy.c         0x00000000   Number         0  memcpyb.o ABSOLUTE
    ../clib/microlib/string/memset.c         0x00000000   Number         0  memseta.o ABSOLUTE
    ../clib/microlib/stubs.s                 0x00000000   Number         0  iusefp.o ABSOLUTE
    ../fplib/microlib/fpfix.c                0x00000000   Number         0  ffixul.o ABSOLUTE
    ..\..\..\third_party\FreeRTOS\Source\list.c 0x00000000   Number         0  list.o ABSOLUTE
    ..\..\..\third_party\FreeRTOS\Source\portable\MemMang\heap_2.c 0x00000000   Number         0  heap_2.o ABSOLUTE
    ..\..\..\third_party\FreeRTOS\Source\portable\RVDS\ARM_CM4F\port.c 0x00000000   Number         0  port.o ABSOLUTE
    ..\..\..\third_party\FreeRTOS\Source\queue.c 0x00000000   Number         0  queue.o ABSOLUTE
    ..\..\..\third_party\FreeRTOS\Source\tasks.c 0x00000000   Number         0  tasks.o ABSOLUTE
    ..\..\..\utils\uartstdio.c               0x00000000   Number         0  uartstdio.o ABSOLUTE
    ..\..\..\utils\ustdlib.c                 0x00000000   Number         0  ustdlib.o ABSOLUTE
    ..\\..\\..\\third_party\\FreeRTOS\\Source\\portable\\RVDS\\ARM_CM4F\\port.c 0x00000000   Number         0  port.o ABSOLUTE
    ..\drivers\buttons.c                     0x00000000   Number         0  buttons.o ABSOLUTE
    ..\drivers\rgb.c                         0x00000000   Number         0  rgb.o ABSOLUTE
    cpu.c                                    0x00000000   Number         0  cpu.o ABSOLUTE
    cpu.c                                    0x00000000   Number         0  cpu.o ABSOLUTE
    dc.s                                     0x00000000   Number         0  dc.o ABSOLUTE
    freertos_demo.c                          0x00000000   Number         0  freertos_demo.o ABSOLUTE
    handlers.s                               0x00000000   Number         0  handlers.o ABSOLUTE
    init.s                                   0x00000000   Number         0  init.o ABSOLUTE
    interrupt.c                              0x00000000   Number         0  interrupt.o ABSOLUTE
    led_task.c                               0x00000000   Number         0  led_task.o ABSOLUTE
    startup_rvmdk.S                          0x00000000   Number         0  startup_rvmdk.o ABSOLUTE
    switch_task.c                            0x00000000   Number         0  switch_task.o ABSOLUTE
    sysctl.c                                 0x00000000   Number         0  sysctl.o ABSOLUTE
    sysctl.c                                 0x00000000   Number         0  sysctl.o ABSOLUTE
    uart.c                                   0x00000000   Number         0  uart.o ABSOLUTE
    $v0                                      0x0000026c   Number         0  startup_rvmdk.o(RESET)
    NmiSR                                    0x00000281   Thumb Code     0  startup_rvmdk.o(RESET)
    FaultISR                                 0x00000283   Thumb Code     0  startup_rvmdk.o(RESET)
    IntDefaultHandler                        0x00000285   Thumb Code     0  startup_rvmdk.o(RESET)
    .ARM.Collect$$$$00000000                 0x00000288   Section        0  entry.o(.ARM.Collect$$$$00000000)
    .ARM.Collect$$$$00000001                 0x00000288   Section        4  entry2.o(.ARM.Collect$$$$00000001)
    .ARM.Collect$$$$00000004                 0x0000028c   Section        4  entry5.o(.ARM.Collect$$$$00000004)
    .ARM.Collect$$$$00000008                 0x00000290   Section        0  entry7b.o(.ARM.Collect$$$$00000008)
    .ARM.Collect$$$$0000000A                 0x00000290   Section        0  entry8b.o(.ARM.Collect$$$$0000000A)
    .ARM.Collect$$$$0000000B                 0x00000290   Section        8  entry9a.o(.ARM.Collect$$$$0000000B)
    .ARM.Collect$$$$0000000D                 0x00000298   Section        0  entry10a.o(.ARM.Collect$$$$0000000D)
    .ARM.Collect$$$$0000000F                 0x00000298   Section        0  entry11a.o(.ARM.Collect$$$$0000000F)
    .ARM.Collect$$$$00002712                 0x00000298   Section        4  entry2.o(.ARM.Collect$$$$00002712)
    __lit__00000000                          0x00000298   Data           4  entry2.o(.ARM.Collect$$$$00002712)
    .emb_text                                0x0000029c   Section      174  port.o(.emb_text)
    $v0                                      0x0000029c   Number         0  port.o(.emb_text)
    .text                                    0x0000034a   Section        0  memcpya.o(.text)
    .text                                    0x0000036e   Section        0  memseta.o(.text)
    .text                                    0x00000392   Section        0  memcmp.o(.text)
    .text                                    0x000003ac   Section       36  init.o(.text)
    i.ButtonsInit                            0x000003d0   Section        0  buttons.o(i.ButtonsInit)
    i.ButtonsPoll                            0x00000434   Section        0  buttons.o(i.ButtonsPoll)
    i.ConfigureUART                          0x0000048c   Section        0  freertos_demo.o(i.ConfigureUART)
    i.LEDTask                                0x000004e8   Section        0  led_task.o(i.LEDTask)
    LEDTask                                  0x000004e9   Thumb Code   190  led_task.o(i.LEDTask)
    i.LEDTaskInit                            0x000005f8   Section        0  led_task.o(i.LEDTaskInit)
    i.RGBColorSet                            0x000006b8   Section        0  rgb.o(i.RGBColorSet)
    i.RGBDisable                             0x00000748   Section        0  rgb.o(i.RGBDisable)
    i.RGBEnable                              0x000007a4   Section        0  rgb.o(i.RGBEnable)
    i.RGBInit                                0x00000850   Section        0  rgb.o(i.RGBInit)
    i.RGBIntensitySet                        0x00000920   Section        0  rgb.o(i.RGBIntensitySet)
    i.SwitchTask                             0x00000934   Section        0  switch_task.o(i.SwitchTask)
    SwitchTask                               0x00000935   Thumb Code   144  switch_task.o(i.SwitchTask)
    i.SwitchTaskInit                         0x00000a2c   Section        0  switch_task.o(i.SwitchTaskInit)
    i.UARTClockSourceSet                     0x00000a78   Section        0  uart.o(i.UARTClockSourceSet)
    i.UARTStdioConfig                        0x00000a80   Section        0  uartstdio.o(i.UARTStdioConfig)
    i.UARTprintf                             0x00000adc   Section        0  uartstdio.o(i.UARTprintf)
    i.UARTvprintf                            0x00000af0   Section        0  uartstdio.o(i.UARTvprintf)
    i.UARTwrite                              0x00000ca4   Section        0  uartstdio.o(i.UARTwrite)
    i.__scatterload_copy                     0x00000ce0   Section       14  handlers.o(i.__scatterload_copy)
    i.__scatterload_null                     0x00000cee   Section        2  handlers.o(i.__scatterload_null)
    i.__scatterload_zeroinit                 0x00000cf0   Section       14  handlers.o(i.__scatterload_zeroinit)
    i.main                                   0x00000d00   Section        0  freertos_demo.o(i.main)
    i.prvAddCurrentTaskToDelayedList         0x00000d70   Section        0  tasks.o(i.prvAddCurrentTaskToDelayedList)
    prvAddCurrentTaskToDelayedList           0x00000d71   Thumb Code    48  tasks.o(i.prvAddCurrentTaskToDelayedList)
    i.prvCheckTasksWaitingTermination        0x00000da4   Section        0  tasks.o(i.prvCheckTasksWaitingTermination)
    prvCheckTasksWaitingTermination          0x00000da5   Thumb Code    80  tasks.o(i.prvCheckTasksWaitingTermination)
    i.prvCopyDataFromQueue                   0x00000dfc   Section        0  queue.o(i.prvCopyDataFromQueue)
    prvCopyDataFromQueue                     0x00000dfd   Thumb Code    40  queue.o(i.prvCopyDataFromQueue)
    i.prvCopyDataToQueue                     0x00000e24   Section        0  queue.o(i.prvCopyDataToQueue)
    prvCopyDataToQueue                       0x00000e25   Thumb Code   104  queue.o(i.prvCopyDataToQueue)
    i.prvIdleTask                            0x00000e8c   Section        0  tasks.o(i.prvIdleTask)
    prvIdleTask                              0x00000e8d   Thumb Code     6  tasks.o(i.prvIdleTask)
    i.prvTaskExitError                       0x00000e92   Section        0  port.o(i.prvTaskExitError)
    prvTaskExitError                         0x00000e93   Thumb Code     6  port.o(i.prvTaskExitError)
    i.prvUnlockQueue                         0x00000e98   Section        0  queue.o(i.prvUnlockQueue)
    prvUnlockQueue                           0x00000e99   Thumb Code   100  queue.o(i.prvUnlockQueue)
    i.pvPortMalloc                           0x00000efc   Section        0  heap_2.o(i.pvPortMalloc)
    i.pxPortInitialiseStack                  0x00000fb0   Section        0  port.o(i.pxPortInitialiseStack)
    i.uxListRemove                           0x00000fd8   Section        0  list.o(i.uxListRemove)
    i.vApplicationStackOverflowHook          0x00000ffc   Section        0  freertos_demo.o(i.vApplicationStackOverflowHook)
    i.vListInitialise                        0x00000ffe   Section        0  list.o(i.vListInitialise)
    i.vListInitialiseItem                    0x00001014   Section        0  list.o(i.vListInitialiseItem)
    i.vListInsert                            0x0000101a   Section        0  list.o(i.vListInsert)
    i.vListInsertEnd                         0x0000104a   Section        0  list.o(i.vListInsertEnd)
    i.vPortEnterCritical                     0x00001064   Section        0  port.o(i.vPortEnterCritical)
    i.vPortExitCritical                      0x00001080   Section        0  port.o(i.vPortExitCritical)
    i.vPortFree                              0x00001094   Section        0  heap_2.o(i.vPortFree)
    i.vPortSetupTimerInterrupt               0x000010d0   Section        0  port.o(i.vPortSetupTimerInterrupt)
    i.vPortYield                             0x000010e0   Section        0  port.o(i.vPortYield)
    i.vTaskDelayUntil                        0x000010f8   Section        0  tasks.o(i.vTaskDelayUntil)
    i.vTaskMissedYield                       0x00001148   Section        0  tasks.o(i.vTaskMissedYield)
    i.vTaskPlaceOnEventList                  0x00001154   Section        0  tasks.o(i.vTaskPlaceOnEventList)
    i.vTaskPriorityDisinherit                0x00001190   Section        0  tasks.o(i.vTaskPriorityDisinherit)
    i.vTaskPriorityInherit                   0x000011d8   Section        0  tasks.o(i.vTaskPriorityInherit)
    i.vTaskSetTimeOutState                   0x0000123c   Section        0  tasks.o(i.vTaskSetTimeOutState)
    i.vTaskStartScheduler                    0x0000124c   Section        0  tasks.o(i.vTaskStartScheduler)
    i.vTaskSuspendAll                        0x00001290   Section        0  tasks.o(i.vTaskSuspendAll)
    i.vTaskSwitchContext                     0x000012a0   Section        0  tasks.o(i.vTaskSwitchContext)
    i.xPortStartScheduler                    0x00001324   Section        0  port.o(i.xPortStartScheduler)
    i.xPortSysTickHandler                    0x00001364   Section        0  port.o(i.xPortSysTickHandler)
    i.xQueueCreateMutex                      0x00001388   Section        0  queue.o(i.xQueueCreateMutex)
    i.xQueueGenericCreate                    0x000013d2   Section        0  queue.o(i.xQueueGenericCreate)
    i.xQueueGenericReceive                   0x0000141a   Section        0  queue.o(i.xQueueGenericReceive)
    i.xQueueGenericReset                     0x00001526   Section        0  queue.o(i.xQueueGenericReset)
    i.xQueueGenericSend                      0x00001586   Section        0  queue.o(i.xQueueGenericSend)
    i.xTaskCheckForTimeOut                   0x00001664   Section        0  tasks.o(i.xTaskCheckForTimeOut)
    i.xTaskGenericCreate                     0x000016ac   Section        0  tasks.o(i.xTaskGenericCreate)
    i.xTaskGetCurrentTaskHandle              0x00001820   Section        0  tasks.o(i.xTaskGetCurrentTaskHandle)
    i.xTaskGetTickCount                      0x0000182c   Section        0  tasks.o(i.xTaskGetTickCount)
    i.xTaskIncrementTick                     0x00001844   Section        0  tasks.o(i.xTaskIncrementTick)
    i.xTaskRemoveFromEventList               0x00001908   Section        0  tasks.o(i.xTaskRemoveFromEventList)
    i.xTaskResumeAll                         0x00001964   Section        0  tasks.o(i.xTaskResumeAll)
    .constdata                               0x00001a00   Section       20  tasks.o(.constdata)
    ucExpectedStackBytes                     0x00001a00   Data          20  tasks.o(.constdata)
    .constdata                               0x00001a14   Section       28  uartstdio.o(.constdata)
    g_pcHex                                  0x00001a14   Data           4  uartstdio.o(.constdata)
    g_ui32UARTBase                           0x00001a18   Data          12  uartstdio.o(.constdata)
    g_ui32UARTPeriph                         0x00001a24   Data          12  uartstdio.o(.constdata)
    .conststring                             0x00001a30   Section       17  uartstdio.o(.conststring)
    .data                                    0x20000000   Section        3  buttons.o(.data)
    g_ui8ButtonStates                        0x20000000   Data           1  buttons.o(.data)
    ui8SwitchClockA                          0x20000001   Data           1  buttons.o(.data)
    ui8SwitchClockB                          0x20000002   Data           1  buttons.o(.data)
    .data                                    0x20000004   Section        4  freertos_demo.o(.data)
    .data                                    0x20000008   Section        8  led_task.o(.data)
    g_ui8ColorsIndx                          0x20000008   Data           1  led_task.o(.data)
    .data                                    0x20000010   Section        4  port.o(.data)
    uxCriticalNesting                        0x20000010   Data           4  port.o(.data)
    .data                                    0x20000014   Section        8  rgb.o(.data)
    g_fIntensity                             0x20000014   Data           4  rgb.o(.data)
    ulFlags                                  0x20000018   Data           4  rgb.o(.data)
    .data                                    0x2000001c   Section       56  tasks.o(.data)
    uxTasksDeleted                           0x20000020   Data           4  tasks.o(.data)
    uxCurrentNumberOfTasks                   0x20000024   Data           4  tasks.o(.data)
    xTickCount                               0x20000028   Data           4  tasks.o(.data)
    uxTopReadyPriority                       0x2000002c   Data           4  tasks.o(.data)
    xSchedulerRunning                        0x20000030   Data           4  tasks.o(.data)
    uxSchedulerSuspended                     0x20000034   Data           4  tasks.o(.data)
    uxPendedTicks                            0x20000038   Data           4  tasks.o(.data)
    xYieldPending                            0x2000003c   Data           4  tasks.o(.data)
    xNumOfOverflows                          0x20000040   Data           4  tasks.o(.data)
    uxTaskNumber                             0x20000044   Data           4  tasks.o(.data)
    xNextTaskUnblockTime                     0x20000048   Data           4  tasks.o(.data)
    pxDelayedTaskList                        0x2000004c   Data           4  tasks.o(.data)
    pxOverflowDelayedTaskList                0x20000050   Data           4  tasks.o(.data)
    .data                                    0x20000054   Section        8  uartstdio.o(.data)
    bLastWasCR                               0x20000054   Data           1  uartstdio.o(.data)
    g_ui32Base                               0x20000058   Data           4  uartstdio.o(.data)
    .data                                    0x2000005c   Section       24  heap_2.o(.data)
    xFreeBytesRemaining                      0x2000005c   Data           4  heap_2.o(.data)
    xHeapHasBeenInitialised                  0x20000060   Data           4  heap_2.o(.data)
    xStart                                   0x20000064   Data           8  heap_2.o(.data)
    xEnd                                     0x2000006c   Data           8  heap_2.o(.data)
    .bss                                     0x20000074   Section       12  led_task.o(.bss)
    g_pui32Colors                            0x20000074   Data          12  led_task.o(.bss)
    .bss                                     0x20000080   Section       12  rgb.o(.bss)
    g_ui32Colors                             0x20000080   Data          12  rgb.o(.bss)
    .bss                                     0x2000008c   Section      420  tasks.o(.bss)
    pxReadyTasksLists                        0x2000008c   Data         320  tasks.o(.bss)
    xDelayedTaskList1                        0x200001cc   Data          20  tasks.o(.bss)
    xDelayedTaskList2                        0x200001e0   Data          20  tasks.o(.bss)
    xPendingReadyList                        0x200001f4   Data          20  tasks.o(.bss)
    xTasksWaitingTermination                 0x20000208   Data          20  tasks.o(.bss)
    xSuspendedTaskList                       0x2000021c   Data          20  tasks.o(.bss)
    .bss                                     0x20000230   Section    30000  heap_2.o(.bss)
    ucHeap                                   0x20000230   Data       30000  heap_2.o(.bss)
    STACK                                    0x20007760   Section      512  startup_rvmdk.o(STACK)
    StackMem                                 0x20007760   Data           0  startup_rvmdk.o(STACK)

    Global Symbols

    Symbol Name                              Value     Ov Type        Size  Object(Section)

    BuildAttributes$$THM_ISAv4$E$P$D$K$B$S$7EM$VFPi3$EXTD16$VFPS$VFMA$PE$A:L22UL41UL21$X:L11$S22US41US21$IEEE1$IW$USESV6$~STKCKD$USESV7$~SHL$OTIME$ROPI$EBA8$MICROLIB$REQ8$PRES8$EABIv2 0x00000000   Number         0  anon$$obj.o ABSOLUTE
    __ARM_use_no_argv                        0x00000000   Number         0  freertos_demo.o ABSOLUTE
    __Vectors                                0x00000000   Data           0  startup_rvmdk.o(RESET)
    __cpp_initialize__aeabi_                  - Undefined Weak Reference
    __cxa_finalize                            - Undefined Weak Reference
    __decompress                              - Undefined Weak Reference
    _clock_init                               - Undefined Weak Reference
    _microlib_exit                            - Undefined Weak Reference
    Reset_Handler                            0x0000026d   Thumb Code     0  startup_rvmdk.o(RESET)
    __main                                   0x00000289   Thumb Code     0  entry.o(.ARM.Collect$$$$00000000)
    _main_stk                                0x00000289   Thumb Code     0  entry2.o(.ARM.Collect$$$$00000001)
    _main_scatterload                        0x0000028d   Thumb Code     0  entry5.o(.ARM.Collect$$$$00000004)
    __main_after_scatterload                 0x00000291   Thumb Code     0  entry5.o(.ARM.Collect$$$$00000004)
    _main_clock                              0x00000291   Thumb Code     0  entry7b.o(.ARM.Collect$$$$00000008)
    _main_cpp_init                           0x00000291   Thumb Code     0  entry8b.o(.ARM.Collect$$$$0000000A)
    _main_init                               0x00000291   Thumb Code     0  entry9a.o(.ARM.Collect$$$$0000000B)
    __rt_final_cpp                           0x00000299   Thumb Code     0  entry10a.o(.ARM.Collect$$$$0000000D)
    __rt_final_exit                          0x00000299   Thumb Code     0  entry11a.o(.ARM.Collect$$$$0000000F)
    vPortSVCHandler                          0x0000029d   Thumb Code    24  port.o(.emb_text)
    __asm___6_port_c_39a90d8d__prvStartFirstTask 0x000002b9   Thumb Code    16  port.o(.emb_text)
    __asm___6_port_c_39a90d8d__prvEnableVFP  0x000002cd   Thumb Code    16  port.o(.emb_text)
    xPortPendSVHandler                       0x000002e1   Thumb Code    74  port.o(.emb_text)
    ulPortSetInterruptMask                   0x00000331   Thumb Code    14  port.o(.emb_text)
    vPortClearInterruptMask                  0x0000033f   Thumb Code     6  port.o(.emb_text)
    vPortGetIPSR                             0x00000345   Thumb Code     6  port.o(.emb_text)
    __aeabi_memcpy                           0x0000034b   Thumb Code    36  memcpya.o(.text)
    __aeabi_memcpy4                          0x0000034b   Thumb Code     0  memcpya.o(.text)
    __aeabi_memcpy8                          0x0000034b   Thumb Code     0  memcpya.o(.text)
    __aeabi_memset                           0x0000036f   Thumb Code    14  memseta.o(.text)
    __aeabi_memset4                          0x0000036f   Thumb Code     0  memseta.o(.text)
    __aeabi_memset8                          0x0000036f   Thumb Code     0  memseta.o(.text)
    __aeabi_memclr                           0x0000037d   Thumb Code     4  memseta.o(.text)
    __aeabi_memclr4                          0x0000037d   Thumb Code     0  memseta.o(.text)
    __aeabi_memclr8                          0x0000037d   Thumb Code     0  memseta.o(.text)
    _memset$wrapper                          0x00000381   Thumb Code    18  memseta.o(.text)
    memcmp                                   0x00000393   Thumb Code    26  memcmp.o(.text)
    __scatterload                            0x000003ad   Thumb Code    28  init.o(.text)
    __scatterload_rt2                        0x000003ad   Thumb Code     0  init.o(.text)
    ButtonsInit                              0x000003d1   Thumb Code    78  buttons.o(i.ButtonsInit)
    ButtonsPoll                              0x00000435   Thumb Code    78  buttons.o(i.ButtonsPoll)
    ConfigureUART                            0x0000048d   Thumb Code    76  freertos_demo.o(i.ConfigureUART)
    LEDTaskInit                              0x000005f9   Thumb Code   102  led_task.o(i.LEDTaskInit)
    RGBColorSet                              0x000006b9   Thumb Code   126  rgb.o(i.RGBColorSet)
    RGBDisable                               0x00000749   Thumb Code    78  rgb.o(i.RGBDisable)
    RGBEnable                                0x000007a5   Thumb Code   146  rgb.o(i.RGBEnable)
    RGBInit                                  0x00000851   Thumb Code   180  rgb.o(i.RGBInit)
    RGBIntensitySet                          0x00000921   Thumb Code    12  rgb.o(i.RGBIntensitySet)
    SwitchTaskInit                           0x00000a2d   Thumb Code    56  switch_task.o(i.SwitchTaskInit)
    UARTClockSourceSet                       0x00000a79   Thumb Code     6  uart.o(i.UARTClockSourceSet)
    UARTStdioConfig                          0x00000a81   Thumb Code    82  uartstdio.o(i.UARTStdioConfig)
    UARTprintf                               0x00000add   Thumb Code    18  uartstdio.o(i.UARTprintf)
    UARTvprintf                              0x00000af1   Thumb Code   420  uartstdio.o(i.UARTvprintf)
    UARTwrite                                0x00000ca5   Thumb Code    56  uartstdio.o(i.UARTwrite)
    __scatterload_copy                       0x00000ce1   Thumb Code    14  handlers.o(i.__scatterload_copy)
    __scatterload_null                       0x00000cef   Thumb Code     2  handlers.o(i.__scatterload_null)
    __scatterload_zeroinit                   0x00000cf1   Thumb Code    14  handlers.o(i.__scatterload_zeroinit)
    main                                     0x00000d01   Thumb Code    54  freertos_demo.o(i.main)
    pvPortMalloc                             0x00000efd   Thumb Code   172  heap_2.o(i.pvPortMalloc)
    pxPortInitialiseStack                    0x00000fb1   Thumb Code    36  port.o(i.pxPortInitialiseStack)
    uxListRemove                             0x00000fd9   Thumb Code    36  list.o(i.uxListRemove)
    vApplicationStackOverflowHook            0x00000ffd   Thumb Code     2  freertos_demo.o(i.vApplicationStackOverflowHook)
    vListInitialise                          0x00000fff   Thumb Code    22  list.o(i.vListInitialise)
    vListInitialiseItem                      0x00001015   Thumb Code     6  list.o(i.vListInitialiseItem)
    vListInsert                              0x0000101b   Thumb Code    48  list.o(i.vListInsert)
    vListInsertEnd                           0x0000104b   Thumb Code    24  list.o(i.vListInsertEnd)
    vPortEnterCritical                       0x00001065   Thumb Code    24  port.o(i.vPortEnterCritical)
    vPortExitCritical                        0x00001081   Thumb Code    16  port.o(i.vPortExitCritical)
    vPortFree                                0x00001095   Thumb Code    56  heap_2.o(i.vPortFree)
    vPortSetupTimerInterrupt                 0x000010d1   Thumb Code    16  port.o(i.vPortSetupTimerInterrupt)
    vPortYield                               0x000010e1   Thumb Code    18  port.o(i.vPortYield)
    vTaskDelayUntil                          0x000010f9   Thumb Code    76  tasks.o(i.vTaskDelayUntil)
    vTaskMissedYield                         0x00001149   Thumb Code     8  tasks.o(i.vTaskMissedYield)
    vTaskPlaceOnEventList                    0x00001155   Thumb Code    52  tasks.o(i.vTaskPlaceOnEventList)
    vTaskPriorityDisinherit                  0x00001191   Thumb Code    64  tasks.o(i.vTaskPriorityDisinherit)
    vTaskPriorityInherit                     0x000011d9   Thumb Code    92  tasks.o(i.vTaskPriorityInherit)
    vTaskSetTimeOutState                     0x0000123d   Thumb Code    12  tasks.o(i.vTaskSetTimeOutState)
    vTaskStartScheduler                      0x0000124d   Thumb Code    50  tasks.o(i.vTaskStartScheduler)
    vTaskSuspendAll                          0x00001291   Thumb Code    10  tasks.o(i.vTaskSuspendAll)
    vTaskSwitchContext                       0x000012a1   Thumb Code   120  tasks.o(i.vTaskSwitchContext)
    xPortStartScheduler                      0x00001325   Thumb Code    52  port.o(i.xPortStartScheduler)
    xPortSysTickHandler                      0x00001365   Thumb Code    30  port.o(i.xPortSysTickHandler)
    xQueueCreateMutex                        0x00001389   Thumb Code    74  queue.o(i.xQueueCreateMutex)
    xQueueGenericCreate                      0x000013d3   Thumb Code    72  queue.o(i.xQueueGenericCreate)
    xQueueGenericReceive                     0x0000141b   Thumb Code   268  queue.o(i.xQueueGenericReceive)
    xQueueGenericReset                       0x00001527   Thumb Code    96  queue.o(i.xQueueGenericReset)
    xQueueGenericSend                        0x00001587   Thumb Code   220  queue.o(i.xQueueGenericSend)
    xTaskCheckForTimeOut                     0x00001665   Thumb Code    66  tasks.o(i.xTaskCheckForTimeOut)
    xTaskGenericCreate                       0x000016ad   Thumb Code   358  tasks.o(i.xTaskGenericCreate)
    xTaskGetCurrentTaskHandle                0x00001821   Thumb Code     6  tasks.o(i.xTaskGetCurrentTaskHandle)
    xTaskGetTickCount                        0x0000182d   Thumb Code    18  tasks.o(i.xTaskGetTickCount)
    xTaskIncrementTick                       0x00001845   Thumb Code   188  tasks.o(i.xTaskIncrementTick)
    xTaskRemoveFromEventList                 0x00001909   Thumb Code    80  tasks.o(i.xTaskRemoveFromEventList)
    xTaskResumeAll                           0x00001965   Thumb Code   148  tasks.o(i.xTaskResumeAll)
    Region$$Table$$Base                      0x00001a44   Number         0  anon$$obj.o(Region$$Table)
    Region$$Table$$Limit                     0x00001a64   Number         0  anon$$obj.o(Region$$Table)
    g_pUARTSemaphore                         0x20000004   Data           4  freertos_demo.o(.data)
    g_pLEDQueue                              0x2000000c   Data           4  led_task.o(.data)
    pxCurrentTCB                             0x2000001c   Data           4  tasks.o(.data)
    __initial_sp                             0x20007960   Data           0  startup_rvmdk.o(STACK)



==============================================================================

Memory Map of the image

  Image Entry point : 0x0000026d

  Load Region LR_IROM (Base: 0x00000000, Size: 0x00001ad8, Max: 0x00040000, ABSOLUTE)

    Execution Region ER_IROM (Base: 0x00000000, Size: 0x00001a64, Max: 0x00040000, ABSOLUTE)

    Base Addr    Size         Type   Attr      Idx    E Section Name        Object

    0x00000000   0x00000288   Code   RO          467  * RESET               startup_rvmdk.o
    0x00000288   0x00000000   Code   RO         1727  * .ARM.Collect$$$$00000000  mc_w.l(entry.o)
    0x00000288   0x00000004   Code   RO         1740    .ARM.Collect$$$$00000001  mc_w.l(entry2.o)
    0x0000028c   0x00000004   Code   RO         1743    .ARM.Collect$$$$00000004  mc_w.l(entry5.o)
    0x00000290   0x00000000   Code   RO         1745    .ARM.Collect$$$$00000008  mc_w.l(entry7b.o)
    0x00000290   0x00000000   Code   RO         1747    .ARM.Collect$$$$0000000A  mc_w.l(entry8b.o)
    0x00000290   0x00000008   Code   RO         1748    .ARM.Collect$$$$0000000B  mc_w.l(entry9a.o)
    0x00000298   0x00000000   Code   RO         1750    .ARM.Collect$$$$0000000D  mc_w.l(entry10a.o)
    0x00000298   0x00000000   Code   RO         1752    .ARM.Collect$$$$0000000F  mc_w.l(entry11a.o)
    0x00000298   0x00000004   Code   RO         1741    .ARM.Collect$$$$00002712  mc_w.l(entry2.o)
    0x0000029c   0x000000ae   Code   RO          162    .emb_text           port.o
    0x0000034a   0x00000024   Code   RO         1730    .text               mc_w.l(memcpya.o)
    0x0000036e   0x00000024   Code   RO         1732    .text               mc_w.l(memseta.o)
    0x00000392   0x0000001a   Code   RO         1734    .text               mc_w.l(memcmp.o)
    0x000003ac   0x00000024   Code   RO         1757    .text               mc_w.l(init.o)
    0x000003d0   0x00000064   Code   RO            1    i.ButtonsInit       buttons.o
    0x00000434   0x00000058   Code   RO            2    i.ButtonsPoll       buttons.o
    0x0000048c   0x0000005c   Code   RO           56    i.ConfigureUART     freertos_demo.o
    0x000004e8   0x00000110   Code   RO          131    i.LEDTask           led_task.o
    0x000005f8   0x000000c0   Code   RO          132    i.LEDTaskInit       led_task.o
    0x000006b8   0x00000090   Code   RO          390    i.RGBColorSet       rgb.o
    0x00000748   0x0000005c   Code   RO          391    i.RGBDisable        rgb.o
    0x000007a4   0x000000ac   Code   RO          392    i.RGBEnable         rgb.o
    0x00000850   0x000000d0   Code   RO          393    i.RGBInit           rgb.o
    0x00000920   0x00000014   Code   RO          394    i.RGBIntensitySet   rgb.o
    0x00000934   0x000000f8   Code   RO          471    i.SwitchTask        switch_task.o
    0x00000a2c   0x0000004c   Code   RO          472    i.SwitchTaskInit    switch_task.o
    0x00000a78   0x00000006   Code   RO         1327    i.UARTClockSourceSet  driverlib.lib(uart.o)
    0x00000a7e   0x00000002   PAD
    0x00000a80   0x0000005c   Code   RO          715    i.UARTStdioConfig   uartstdio.o
    0x00000adc   0x00000012   Code   RO          718    i.UARTprintf        uartstdio.o
    0x00000aee   0x00000002   PAD
    0x00000af0   0x000001b4   Code   RO          719    i.UARTvprintf       uartstdio.o
    0x00000ca4   0x0000003c   Code   RO          720    i.UARTwrite         uartstdio.o
    0x00000ce0   0x0000000e   Code   RO         1761    i.__scatterload_copy  mc_w.l(handlers.o)
    0x00000cee   0x00000002   Code   RO         1762    i.__scatterload_null  mc_w.l(handlers.o)
    0x00000cf0   0x0000000e   Code   RO         1763    i.__scatterload_zeroinit  mc_w.l(handlers.o)
    0x00000cfe   0x00000002   PAD
    0x00000d00   0x00000070   Code   RO           57    i.main              freertos_demo.o
    0x00000d70   0x00000034   Code   RO          489    i.prvAddCurrentTaskToDelayedList  tasks.o
    0x00000da4   0x00000058   Code   RO          490    i.prvCheckTasksWaitingTermination  tasks.o
    0x00000dfc   0x00000028   Code   RO          228    i.prvCopyDataFromQueue  queue.o
    0x00000e24   0x00000068   Code   RO          229    i.prvCopyDataToQueue  queue.o
    0x00000e8c   0x00000006   Code   RO          491    i.prvIdleTask       tasks.o
    0x00000e92   0x00000006   Code   RO          163    i.prvTaskExitError  port.o
    0x00000e98   0x00000064   Code   RO          230    i.prvUnlockQueue    queue.o
    0x00000efc   0x000000b4   Code   RO          883    i.pvPortMalloc      heap_2.o
    0x00000fb0   0x00000028   Code   RO          164    i.pxPortInitialiseStack  port.o
    0x00000fd8   0x00000024   Code   RO          916    i.uxListRemove      list.o
    0x00000ffc   0x00000002   Code   RO           58    i.vApplicationStackOverflowHook  freertos_demo.o
    0x00000ffe   0x00000016   Code   RO          917    i.vListInitialise   list.o
    0x00001014   0x00000006   Code   RO          918    i.vListInitialiseItem  list.o
    0x0000101a   0x00000030   Code   RO          919    i.vListInsert       list.o
    0x0000104a   0x00000018   Code   RO          920    i.vListInsertEnd    list.o
    0x00001062   0x00000002   PAD
    0x00001064   0x0000001c   Code   RO          166    i.vPortEnterCritical  port.o
    0x00001080   0x00000014   Code   RO          167    i.vPortExitCritical  port.o
    0x00001094   0x0000003c   Code   RO          884    i.vPortFree         heap_2.o
    0x000010d0   0x00000010   Code   RO          168    i.vPortSetupTimerInterrupt  port.o
    0x000010e0   0x00000018   Code   RO          169    i.vPortYield        port.o
    0x000010f8   0x00000050   Code   RO          500    i.vTaskDelayUntil   tasks.o
    0x00001148   0x0000000c   Code   RO          503    i.vTaskMissedYield  tasks.o
    0x00001154   0x0000003c   Code   RO          504    i.vTaskPlaceOnEventList  tasks.o
    0x00001190   0x00000048   Code   RO          505    i.vTaskPriorityDisinherit  tasks.o
    0x000011d8   0x00000064   Code   RO          506    i.vTaskPriorityInherit  tasks.o
    0x0000123c   0x00000010   Code   RO          510    i.vTaskSetTimeOutState  tasks.o
    0x0000124c   0x00000044   Code   RO          511    i.vTaskStartScheduler  tasks.o
    0x00001290   0x00000010   Code   RO          513    i.vTaskSuspendAll   tasks.o
    0x000012a0   0x00000084   Code   RO          514    i.vTaskSwitchContext  tasks.o
    0x00001324   0x00000040   Code   RO          170    i.xPortStartScheduler  port.o
    0x00001364   0x00000024   Code   RO          171    i.xPortSysTickHandler  port.o
    0x00001388   0x0000004a   Code   RO          240    i.xQueueCreateMutex  queue.o
    0x000013d2   0x00000048   Code   RO          241    i.xQueueGenericCreate  queue.o
    0x0000141a   0x0000010c   Code   RO          242    i.xQueueGenericReceive  queue.o
    0x00001526   0x00000060   Code   RO          243    i.xQueueGenericReset  queue.o
    0x00001586   0x000000dc   Code   RO          244    i.xQueueGenericSend  queue.o
    0x00001662   0x00000002   PAD
    0x00001664   0x00000048   Code   RO          515    i.xTaskCheckForTimeOut  tasks.o
    0x000016ac   0x00000174   Code   RO          516    i.xTaskGenericCreate  tasks.o
    0x00001820   0x0000000c   Code   RO          517    i.xTaskGetCurrentTaskHandle  tasks.o
    0x0000182c   0x00000018   Code   RO          518    i.xTaskGetTickCount  tasks.o
    0x00001844   0x000000c4   Code   RO          520    i.xTaskIncrementTick  tasks.o
    0x00001908   0x0000005c   Code   RO          522    i.xTaskRemoveFromEventList  tasks.o
    0x00001964   0x0000009c   Code   RO          523    i.xTaskResumeAll    tasks.o
    0x00001a00   0x00000014   Data   RO          526    .constdata          tasks.o
    0x00001a14   0x0000001c   Data   RO          721    .constdata          uartstdio.o
    0x00001a30   0x00000011   Data   RO          722    .conststring        uartstdio.o
    0x00001a41   0x00000003   PAD
    0x00001a44   0x00000020   Data   RO         1759    Region$$Table       anon$$obj.o


    Execution Region RW_IRAM (Base: 0x20000000, Size: 0x00007960, Max: 0x00008000, ABSOLUTE)

    Base Addr    Size         Type   Attr      Idx    E Section Name        Object

    0x20000000   0x00000003   Data   RW            3    .data               buttons.o
    0x20000003   0x00000001   PAD
    0x20000004   0x00000004   Data   RW           59    .data               freertos_demo.o
    0x20000008   0x00000008   Data   RW          134    .data               led_task.o
    0x20000010   0x00000004   Data   RW          172    .data               port.o
    0x20000014   0x00000008   Data   RW          397    .data               rgb.o
    0x2000001c   0x00000038   Data   RW          527    .data               tasks.o
    0x20000054   0x00000008   Data   RW          723    .data               uartstdio.o
    0x2000005c   0x00000018   Data   RW          888    .data               heap_2.o
    0x20000074   0x0000000c   Zero   RW          133    .bss                led_task.o
    0x20000080   0x0000000c   Zero   RW          396    .bss                rgb.o
    0x2000008c   0x000001a4   Zero   RW          525    .bss                tasks.o
    0x20000230   0x00007530   Zero   RW          887    .bss                heap_2.o
    0x20007760   0x00000200   Zero   RW          465    STACK               startup_rvmdk.o


==============================================================================

Image component sizes


      Code (inc. data)   RO Data    RW Data    ZI Data      Debug   Object Name

       188         32          0          3          0       6612   buttons.o
       206         74          0          4          0      14882   freertos_demo.o
       240         12          0         24      30000       3547   heap_2.o
       464        172          0          8         12       2423   led_task.o
       136          0          0          0          0       3554   list.o
       408         54          0          4          0       8125   port.o
       974          0          0          0          0      10662   queue.o
       636         94          0          8         12       4224   rgb.o
       648        622          0          0        512        252   startup_rvmdk.o
       324        124          0          0          0       1393   switch_task.o
      1626        144         20         56        420      18545   tasks.o
       606         30         45          8          0       5292   uartstdio.o

    ----------------------------------------------------------------------
      6462       1358        100        116      30956      79511   Object Totals
         0          0         32          0          0          0   (incl. Generated)
         6          0          3          1          0          0   (incl. Padding)

    ----------------------------------------------------------------------

      Code (inc. data)   RO Data    RW Data    ZI Data      Debug   Library Member Name

         6          0          0          0          0        501   uart.o
         0          0          0          0          0          0   entry.o
         0          0          0          0          0          0   entry10a.o
         0          0          0          0          0          0   entry11a.o
         8          4          0          0          0          0   entry2.o
         4          0          0          0          0          0   entry5.o
         0          0          0          0          0          0   entry7b.o
         0          0          0          0          0          0   entry8b.o
         8          4          0          0          0          0   entry9a.o
        30          0          0          0          0          0   handlers.o
        36          8          0          0          0         68   init.o
        26          0          0          0          0         80   memcmp.o
        36          0          0          0          0         68   memcpya.o
        36          0          0          0          0        108   memseta.o

    ----------------------------------------------------------------------
       194         16          0          0          0        825   Library Totals
         4          0          0          0          0          0   (incl. Padding)

    ----------------------------------------------------------------------

      Code (inc. data)   RO Data    RW Data    ZI Data      Debug   Library Name

         6          0          0          0          0        501   driverlib.lib
       184         16          0          0          0        324   mc_w.l

    ----------------------------------------------------------------------
       194         16          0          0          0        825   Library Totals

    ----------------------------------------------------------------------

==============================================================================


      Code (inc. data)   RO Data    RW Data    ZI Data      Debug   

      6656       1374        100        116      30956      74836   Grand Totals
      6656       1374        100        116      30956      74836   ELF Image Totals
      6656       1374        100        116          0          0   ROM Totals

==============================================================================

    Total RO  Size (Code + RO Data)                 6756 (   6.60kB)
    Total RW  Size (RW Data + ZI Data)             31072 (  30.34kB)
    Total ROM Size (Code + RO Data + RW Data)       6872 (   6.71kB)

==============================================================================

